gplink-2.2.37 (Jan 22 2024)
Map File - Created 2025-4-18  15:18:23
 
                                 Section Info
                  Section       Type    Address   Location Size(Bytes)
                ---------  ---------  ---------  ---------  ---------
                  STARTUP       code   00000000    program   0x000002
              c_interrupt       code   0x000008    program   0x00015c
           code_MC32P7351       code   0x0000b6    program   0x000c8a
            code__mullong       code   0x0006fb    program   0x000116
           code__divulong       code   0x000786    program   0x0000f0
                sharebank      udata   00000000       data   0x000007
          UDL_MC32P7351_0      udata   0x000007       data   0x000032
           UDL__mullong_0      udata   0x000039       data   0x000011
          UD_MC32P7351_12      udata   0x00004a       data   0x000010
          UDL__divulong_0      udata   0x00005a       data   0x000010
           UD_MC32P7351_5      udata   0x00006a       data   0x000004
           UD_MC32P7351_6      udata   0x00006e       data   0x000004
           UD_MC32P7351_7      udata   0x000072       data   0x000004
           UD_MC32P7351_9      udata   0x000076       data   0x000004
           UD_MC32P7351_4      udata   0x00007a       data   0x000002
           UD_MC32P7351_8      udata   0x00007c       data   0x000002
          UD_MC32P7351_10      udata   0x00007e       data   0x000002
          UD_MC32P7351_11      udata   0x000080       data   0x000002
          UD_MC32P7351_15      udata   0x000082       data   0x000002
           UD_MC32P7351_0      udata   0x000084       data   0x000001
           UD_MC32P7351_1      udata   0x000085       data   0x000001
           UD_MC32P7351_2      udata   0x000086       data   0x000001
           UD_MC32P7351_3      udata   0x000087       data   0x000001
          UD_MC32P7351_13      udata   0x000088       data   0x000001
          UD_MC32P7351_14      udata   0x000089       data   0x000001
          UD_MC32P7351_16      udata   0x00008a       data   0x000001
          UD_MC32P7351_17      udata   0x00008b       data   0x000001
          UD_MC32P7351_18      udata   0x00008c       data   0x000001
          UD_MC32P7351_19      udata   0x00008d       data   0x000001
          UD_MC32P7351_20      udata   0x00008e       data   0x000001
          UD_MC32P7351_21      udata   0x00008f       data   0x000001
          UD_MC32P7351_22      udata   0x000090       data   0x000001
     UD_abs_mc32p7351_180      udata   0x000180       data   0x000001
     UD_abs_mc32p7351_181      udata   0x000181       data   0x000001
     UD_abs_mc32p7351_182      udata   0x000182       data   0x000001
     UD_abs_mc32p7351_183      udata   0x000183       data   0x000001
     UD_abs_mc32p7351_184      udata   0x000184       data   0x000001
     UD_abs_mc32p7351_185      udata   0x000185       data   0x000001
     UD_abs_mc32p7351_186      udata   0x000186       data   0x000001
     UD_abs_mc32p7351_187      udata   0x000187       data   0x000001
     UD_abs_mc32p7351_188      udata   0x000188       data   0x000001
     UD_abs_mc32p7351_189      udata   0x000189       data   0x000001
     UD_abs_mc32p7351_18a      udata   0x00018a       data   0x000001
     UD_abs_mc32p7351_18b      udata   0x00018b       data   0x000001
     UD_abs_mc32p7351_18c      udata   0x00018c       data   0x000001
     UD_abs_mc32p7351_18d      udata   0x00018d       data   0x000001
     UD_abs_mc32p7351_18e      udata   0x00018e       data   0x000001
     UD_abs_mc32p7351_18f      udata   0x00018f       data   0x000001
     UD_abs_mc32p7351_190      udata   0x000190       data   0x000001
     UD_abs_mc32p7351_191      udata   0x000191       data   0x000001
     UD_abs_mc32p7351_192      udata   0x000192       data   0x000001
     UD_abs_mc32p7351_193      udata   0x000193       data   0x000001
     UD_abs_mc32p7351_194      udata   0x000194       data   0x000001
     UD_abs_mc32p7351_195      udata   0x000195       data   0x000001
     UD_abs_mc32p7351_196      udata   0x000196       data   0x000001
     UD_abs_mc32p7351_197      udata   0x000197       data   0x000001
     UD_abs_mc32p7351_198      udata   0x000198       data   0x000001
     UD_abs_mc32p7351_199      udata   0x000199       data   0x000001
     UD_abs_mc32p7351_19a      udata   0x00019a       data   0x000001
     UD_abs_mc32p7351_19b      udata   0x00019b       data   0x000001
     UD_abs_mc32p7351_19c      udata   0x00019c       data   0x000001
     UD_abs_mc32p7351_19d      udata   0x00019d       data   0x000001
     UD_abs_mc32p7351_19e      udata   0x00019e       data   0x000001
     UD_abs_mc32p7351_19f      udata   0x00019f       data   0x000001
     UD_abs_mc32p7351_1a0      udata   0x0001a0       data   0x000001
     UD_abs_mc32p7351_1a1      udata   0x0001a1       data   0x000001
     UD_abs_mc32p7351_1a2      udata   0x0001a2       data   0x000001
     UD_abs_mc32p7351_1a3      udata   0x0001a3       data   0x000001
     UD_abs_mc32p7351_1a4      udata   0x0001a4       data   0x000001
     UD_abs_mc32p7351_1a5      udata   0x0001a5       data   0x000001
     UD_abs_mc32p7351_1a6      udata   0x0001a6       data   0x000001
     UD_abs_mc32p7351_1a8      udata   0x0001a8       data   0x000001
     UD_abs_mc32p7351_1a9      udata   0x0001a9       data   0x000001
     UD_abs_mc32p7351_1aa      udata   0x0001aa       data   0x000001
     UD_abs_mc32p7351_1ac      udata   0x0001ac       data   0x000001
     UD_abs_mc32p7351_1ad      udata   0x0001ad       data   0x000001
     UD_abs_mc32p7351_1ae      udata   0x0001ae       data   0x000001
     UD_abs_mc32p7351_1af      udata   0x0001af       data   0x000001
     UD_abs_mc32p7351_1b0      udata   0x0001b0       data   0x000001
     UD_abs_mc32p7351_1b1      udata   0x0001b1       data   0x000001
     UD_abs_mc32p7351_1b2      udata   0x0001b2       data   0x000001
     UD_abs_mc32p7351_1b3      udata   0x0001b3       data   0x000001
     UD_abs_mc32p7351_1b4      udata   0x0001b4       data   0x000001
     UD_abs_mc32p7351_1b5      udata   0x0001b5       data   0x000001
     UD_abs_mc32p7351_1b6      udata   0x0001b6       data   0x000001
     UD_abs_mc32p7351_1b7      udata   0x0001b7       data   0x000001
     UD_abs_mc32p7351_1bc      udata   0x0001bc       data   0x000001
     UD_abs_mc32p7351_1bd      udata   0x0001bd       data   0x000001
     UD_abs_mc32p7351_1be      udata   0x0001be       data   0x000001
     UD_abs_mc32p7351_1fb      udata   0x0001fb       data   0x000001
     UD_abs_mc32p7351_1fc      udata   0x0001fc       data   0x000001
 
                              Program Memory Usage
                               Start         End
                           ---------   ---------
                            00000000    00000000
                            0x000008    0x0000b5
                            0x0000b6    0x0006fa
                            0x0006fb    0x000785
                            0x000786    0x0007fd
 
                            2039 program addresses used
 
                              Symbols
                     Name    Address   Location    Storage File
                ---------  ---------  ---------  --------- ---------
                    STK06   00000000       data     extern MC32P7351.asm
                    STK05   0x000001       data     extern MC32P7351.asm
                    STK04   0x000002       data     extern MC32P7351.asm
                    STK03   0x000003       data     extern MC32P7351.asm
                    STK02   0x000004       data     extern MC32P7351.asm
                    STK01   0x000005       data     extern MC32P7351.asm
                    STK00   0x000006       data     extern MC32P7351.asm
               _key_event   0x000084       data     extern MC32P7351.asm
               _mode_flag   0x000085       data     extern MC32P7351.asm
          _key_press_flag   0x000086       data     extern MC32P7351.asm
                       _i   0x000087       data     extern MC32P7351.asm
                 _adc_val   0x00007a       data     extern MC32P7351.asm
         _turn_dir_ms_cnt   0x00006a       data     extern MC32P7351.asm
        _shut_down_ms_cnt   0x00006e       data     extern MC32P7351.asm
             _adc_bat_val   0x000072       data     extern MC32P7351.asm
        _adc_charging_val   0x00007c       data     extern MC32P7351.asm
             _max_pwm_val   0x000076       data     extern MC32P7351.asm
            _last_pwm_val   0x00007e       data     extern MC32P7351.asm
                 _tmp_val   0x000080       data     extern MC32P7351.asm
               _tmp_val_l   0x00004a       data     extern MC32P7351.asm
             _tmp_val_cnt   0x000088       data     extern MC32P7351.asm
       _flag_bat_is_empty   0x000089       data     extern MC32P7351.asm
             _tmp_bat_val   0x000082       data     extern MC32P7351.asm
       _over_charging_cnt   0x00008a       data     extern MC32P7351.asm
         _full_charge_cnt   0x00008b       data     extern MC32P7351.asm
                    _abuf   0x00008c       data     extern MC32P7351.asm
               _statusbuf   0x00008d       data     extern MC32P7351.asm
                   _flag1   0x00008e       data     extern MC32P7351.asm
                   _flag2   0x00008f       data     extern MC32P7351.asm
                   _flag3   0x000090       data     extern MC32P7351.asm
                  r0x104C   0x000007       data     static MC32P7351.asm
                  r0x104B   0x000008       data     static MC32P7351.asm
                  r0x104D   0x000009       data     static MC32P7351.asm
                  r0x104E   0x00000a       data     static MC32P7351.asm
                  r0x104F   0x00000b       data     static MC32P7351.asm
                  r0x1050   0x00000c       data     static MC32P7351.asm
                  r0x1051   0x00000d       data     static MC32P7351.asm
                  r0x1052   0x00000e       data     static MC32P7351.asm
                  r0x1053   0x00000f       data     static MC32P7351.asm
                  r0x1054   0x000010       data     static MC32P7351.asm
                  r0x1055   0x000011       data     static MC32P7351.asm
                  r0x1057   0x000012       data     static MC32P7351.asm
                  r0x1056   0x000013       data     static MC32P7351.asm
                  r0x1058   0x000014       data     static MC32P7351.asm
                  r0x1059   0x000015       data     static MC32P7351.asm
                  r0x105A   0x000016       data     static MC32P7351.asm
                  r0x105B   0x000017       data     static MC32P7351.asm
                  r0x105D   0x000018       data     static MC32P7351.asm
                  r0x105C   0x000019       data     static MC32P7351.asm
                  r0x105E   0x00001a       data     static MC32P7351.asm
                  r0x105F   0x00001b       data     static MC32P7351.asm
                  r0x1060   0x00001c       data     static MC32P7351.asm
                  r0x1061   0x00001d       data     static MC32P7351.asm
                  r0x1062   0x00001e       data     static MC32P7351.asm
                  r0x1063   0x00001f       data     static MC32P7351.asm
                  r0x1064   0x000020       data     static MC32P7351.asm
                  r0x1065   0x000021       data     static MC32P7351.asm
_key_scan_cur_key_id_65536_37   0x000022       data     static MC32P7351.asm
_key_scan_filter_cnt_65536_37   0x000023       data     static MC32P7351.asm
_key_scan_filter_key_id_65536_37   0x000024       data     static MC32P7351.asm
_key_scan_press_cnt_65536_37   0x000025       data     static MC32P7351.asm
_key_scan_flag_is_key_mode_hold_65536_37   0x000026       data     static MC32P7351.asm
_key_scan_last_key_id_65536_37   0x000027       data     static MC32P7351.asm
_adc_scan_handle_cnt_65536_102   0x000028       data     static MC32P7351.asm
_adc_scan_handle_need_charge_cnt_65536_102   0x000029       data     static MC32P7351.asm
     _main_cnt_262144_221   0x00002a       data     static MC32P7351.asm
_int_isr___1ms_cnt_196608_246   0x00002b       data     static MC32P7351.asm
_int_isr_key_scan_cnt_327680_248   0x00002c       data     static MC32P7351.asm
_int_isr_low_bat_cnt_327680_251   0x00002d       data     static MC32P7351.asm
_int_isr_shut_down_bat_cnt_327680_255   0x00002f       data     static MC32P7351.asm
_int_isr_update_current_time_cnt_327680_259   0x000031       data     static MC32P7351.asm
               _led_state   0x000033       data     static MC32P7351.asm
             _pwm_counter   0x000034       data     static MC32P7351.asm
          _breath_counter   0x000036       data     static MC32P7351.asm
                _pwm_duty   0x000037       data     static MC32P7351.asm
        _breath_direction   0x000038       data     static MC32P7351.asm
         __sdcc_interrupt   0x000008    program     static MC32P7351.asm
                 _int_isr   0x000008    program     extern MC32P7351.asm
               _01034_DS_   0x000024    program     static MC32P7351.asm
               _01036_DS_   0x000034    program     static MC32P7351.asm
               _01157_DS_   0x00003f    program     static MC32P7351.asm
               _01040_DS_   0x000045    program     static MC32P7351.asm
               _01041_DS_   0x000047    program     static MC32P7351.asm
               _01158_DS_   0x000052    program     static MC32P7351.asm
               _01045_DS_   0x000058    program     static MC32P7351.asm
               _01046_DS_   0x00005b    program     static MC32P7351.asm
               _01159_DS_   0x000066    program     static MC32P7351.asm
               _01050_DS_   0x00006c    program     static MC32P7351.asm
               _01053_DS_   0x00006d    program     static MC32P7351.asm
               _01160_DS_   0x00007a    program     static MC32P7351.asm
               _01055_DS_   0x00007f    program     static MC32P7351.asm
               _01056_DS_   0x000080    program     static MC32P7351.asm
               _01161_DS_   0x000089    program     static MC32P7351.asm
               _01058_DS_   0x00008d    program     static MC32P7351.asm
               _01065_DS_   0x0000a1    program     static MC32P7351.asm
               _01062_DS_   0x0000a7    program     static MC32P7351.asm
               _01068_DS_   0x0000a9    program     static MC32P7351.asm
               _01070_DS_   0x0000af    program     static MC32P7351.asm
               _01073_DS_   0x0000b0    program     static MC32P7351.asm
               _01076_DS_   0x0000b1    program     static MC32P7351.asm
         END_OF_INTERRUPT   0x0000b5    program     static MC32P7351.asm
                    _main   0x0000b6    program     extern MC32P7351.asm
               _00876_DS_   0x0000bd    program     static MC32P7351.asm
               _01012_DS_   0x0000cb    program     static MC32P7351.asm
               _00877_DS_   0x0000d0    program     static MC32P7351.asm
               _00811_DS_   0x0000d2    program     static MC32P7351.asm
               _00873_DS_   0x0000d4    program     static MC32P7351.asm
               _00813_DS_   0x0000e3    program     static MC32P7351.asm
               _01013_DS_   0x00010a    program     static MC32P7351.asm
               _00824_DS_   0x000111    program     static MC32P7351.asm
               _01014_DS_   0x00011f    program     static MC32P7351.asm
               _00821_DS_   0x000126    program     static MC32P7351.asm
               _01015_DS_   0x000134    program     static MC32P7351.asm
               _00818_DS_   0x00013b    program     static MC32P7351.asm
               _01016_DS_   0x000149    program     static MC32P7351.asm
               _00904_DS_   0x00018a    program     static MC32P7351.asm
               _00878_DS_   0x00018c    program     static MC32P7351.asm
               _01017_DS_   0x000192    program     static MC32P7351.asm
               _00879_DS_   0x000198    program     static MC32P7351.asm
               _01018_DS_   0x0001a1    program     static MC32P7351.asm
               _01019_DS_   0x0001b1    program     static MC32P7351.asm
               _00880_DS_   0x0001b5    program     static MC32P7351.asm
               _01020_DS_   0x0001bb    program     static MC32P7351.asm
               _00881_DS_   0x0001c1    program     static MC32P7351.asm
               _01021_DS_   0x0001ca    program     static MC32P7351.asm
               _00833_DS_   0x0001cc    program     static MC32P7351.asm
               _01022_DS_   0x000256    program     static MC32P7351.asm
               _00835_DS_   0x00025a    program     static MC32P7351.asm
               _00883_DS_   0x000297    program     static MC32P7351.asm
               _00836_DS_   0x0002b8    program     static MC32P7351.asm
               _01024_DS_   0x0002c8    program     static MC32P7351.asm
               _01025_DS_   0x0002d8    program     static MC32P7351.asm
               _00837_DS_   0x0002de    program     static MC32P7351.asm
               _00846_DS_   0x0002e3    program     static MC32P7351.asm
               _01027_DS_   0x0002e9    program     static MC32P7351.asm
               _01028_DS_   0x0002f9    program     static MC32P7351.asm
               _00840_DS_   0x0002ff    program     static MC32P7351.asm
               _00847_DS_   0x000304    program     static MC32P7351.asm
               _00857_DS_   0x000307    program     static MC32P7351.asm
               _00858_DS_   0x000313    program     static MC32P7351.asm
               _00886_DS_   0x000318    program     static MC32P7351.asm
               _00866_DS_   0x000323    program     static MC32P7351.asm
               _00889_DS_   0x000325    program     static MC32P7351.asm
               _00871_DS_   0x000330    program     static MC32P7351.asm
   _low_power_scan_handle   0x000334    program     extern MC32P7351.asm
               _00764_DS_   0x00033c    program     static MC32P7351.asm
               _00769_DS_   0x00033d    program     static MC32P7351.asm
               _00804_DS_   0x000364    program     static MC32P7351.asm
               _00780_DS_   0x000368    program     static MC32P7351.asm
               _00782_DS_   0x000369    program     static MC32P7351.asm
    _shutdown_scan_handle   0x00036a    program     extern MC32P7351.asm
               _00759_DS_   0x00037a    program     static MC32P7351.asm
               _00747_DS_   0x000386    program     static MC32P7351.asm
               _00749_DS_   0x00038a    program     static MC32P7351.asm
    _turn_dir_scan_handle   0x00038b    program     extern MC32P7351.asm
               _00730_DS_   0x00039b    program     static MC32P7351.asm
               _00710_DS_   0x00039f    program     static MC32P7351.asm
               _00708_DS_   0x0003a9    program     static MC32P7351.asm
               _00709_DS_   0x0003b0    program     static MC32P7351.asm
               _00714_DS_   0x0003b6    program     static MC32P7351.asm
               _00716_DS_   0x0003ba    program     static MC32P7351.asm
         _adc_scan_handle   0x0003bb    program     extern MC32P7351.asm
               _00539_DS_   0x0003c6    program     static MC32P7351.asm
               _00422_DS_   0x0003d8    program     static MC32P7351.asm
               _00687_DS_   0x0003e0    program     static MC32P7351.asm
               _00424_DS_   0x0003e4    program     static MC32P7351.asm
               _00688_DS_   0x0003ea    program     static MC32P7351.asm
               _00428_DS_   0x0003ee    program     static MC32P7351.asm
               _00689_DS_   0x0003f4    program     static MC32P7351.asm
               _00429_DS_   0x0003f7    program     static MC32P7351.asm
               _00452_DS_   0x000401    program     static MC32P7351.asm
               _00447_DS_   0x000409    program     static MC32P7351.asm
               _00439_DS_   0x000412    program     static MC32P7351.asm
               _00448_DS_   0x00041a    program     static MC32P7351.asm
               _00487_DS_   0x000422    program     static MC32P7351.asm
               _00695_DS_   0x00042c    program     static MC32P7351.asm
               _00455_DS_   0x00042f    program     static MC32P7351.asm
               _00458_DS_   0x000436    program     static MC32P7351.asm
               _00697_DS_   0x000442    program     static MC32P7351.asm
               _00465_DS_   0x000446    program     static MC32P7351.asm
               _00698_DS_   0x000452    program     static MC32P7351.asm
               _00460_DS_   0x000457    program     static MC32P7351.asm
               _00466_DS_   0x000459    program     static MC32P7351.asm
               _00482_DS_   0x000467    program     static MC32P7351.asm
               _00488_DS_   0x00046a    program     static MC32P7351.asm
               _00489_DS_   0x00046d    program     static MC32P7351.asm
               _00542_DS_   0x000471    program     static MC32P7351.asm
               _00491_DS_   0x000481    program     static MC32P7351.asm
               _00493_DS_   0x00048f    program     static MC32P7351.asm
               _00494_DS_   0x000495    program     static MC32P7351.asm
               _00700_DS_   0x00049d    program     static MC32P7351.asm
               _00496_DS_   0x0004a0    program     static MC32P7351.asm
               _00507_DS_   0x0004ac    program     static MC32P7351.asm
               _00535_DS_   0x0004b3    program     static MC32P7351.asm
               _00702_DS_   0x0004bd    program     static MC32P7351.asm
               _00521_DS_   0x0004c0    program     static MC32P7351.asm
               _00536_DS_   0x0004d2    program     static MC32P7351.asm
               _00544_DS_   0x0004d5    program     static MC32P7351.asm
        _key_event_handle   0x0004d6    program     extern MC32P7351.asm
               _00361_DS_   0x0004e5    program     static MC32P7351.asm
               _00400_DS_   0x0004e9    program     static MC32P7351.asm
               _00371_DS_   0x0004f9    program     static MC32P7351.asm
               _00368_DS_   0x000505    program     static MC32P7351.asm
               _00365_DS_   0x000510    program     static MC32P7351.asm
               _00372_DS_   0x00051a    program     static MC32P7351.asm
               _00397_DS_   0x00051f    program     static MC32P7351.asm
               _00382_DS_   0x00052a    program     static MC32P7351.asm
               _00415_DS_   0x00052f    program     static MC32P7351.asm
               _00416_DS_   0x00053f    program     static MC32P7351.asm
                _key_scan   0x000541    program     extern MC32P7351.asm
               _00220_DS_   0x000547    program     static MC32P7351.asm
               _00221_DS_   0x00054b    program     static MC32P7351.asm
               _00341_DS_   0x000550    program     static MC32P7351.asm
               _00223_DS_   0x000554    program     static MC32P7351.asm
               _00225_DS_   0x00055a    program     static MC32P7351.asm
               _00343_DS_   0x00055f    program     static MC32P7351.asm
               _00239_DS_   0x000565    program     static MC32P7351.asm
               _00229_DS_   0x000574    program     static MC32P7351.asm
               _00234_DS_   0x00057b    program     static MC32P7351.asm
               _00261_DS_   0x000581    program     static MC32P7351.asm
               _00242_DS_   0x00058a    program     static MC32P7351.asm
               _00254_DS_   0x00059d    program     static MC32P7351.asm
               _00262_DS_   0x0005a9    program     static MC32P7351.asm
               _00263_DS_   0x0005ab    program     static MC32P7351.asm
                _Sys_Init   0x0005ac    program     extern MC32P7351.asm
        _adc_get_val_once   0x0005e3    program     extern MC32P7351.asm
               _00208_DS_   0x0005e4    program     static MC32P7351.asm
             _adc_get_val   0x0005ff    program     extern MC32P7351.asm
               _00162_DS_   0x000609    program     static MC32P7351.asm
               _00151_DS_   0x00060a    program     static MC32P7351.asm
               _00202_DS_   0x000630    program     static MC32P7351.asm
               _00157_DS_   0x000636    program     static MC32P7351.asm
               _00203_DS_   0x00063c    program     static MC32P7351.asm
               _00159_DS_   0x000642    program     static MC32P7351.asm
               _00160_DS_   0x000654    program     static MC32P7351.asm
             _adc_sel_pin   0x00069c    program     extern MC32P7351.asm
               _00145_DS_   0x0006a2    program     static MC32P7351.asm
               _00146_DS_   0x0006a7    program     static MC32P7351.asm
               _00131_DS_   0x0006a8    program     static MC32P7351.asm
               _00132_DS_   0x0006ab    program     static MC32P7351.asm
               _00134_DS_   0x0006ae    program     static MC32P7351.asm
              _adc_config   0x0006b3    program     extern MC32P7351.asm
                 _IO_Init   0x0006bf    program     extern MC32P7351.asm
                 _CLR_RAM   0x0006cf    program     extern MC32P7351.asm
               _00118_DS_   0x0006d0    program     static MC32P7351.asm
               _00116_DS_   0x0006d7    program     static MC32P7351.asm
                _delay_ms   0x0006db    program     extern MC32P7351.asm
               _00108_DS_   0x0006de    program     static MC32P7351.asm
               _00105_DS_   0x0006e6    program     static MC32P7351.asm
               _00107_DS_   0x0006f4    program     static MC32P7351.asm
               _00111_DS_   0x0006fa    program     static MC32P7351.asm
               _INDF0bits   0x000180       data     extern mc32p7351.asm
                   _INDF0   0x000180       data     extern mc32p7351.asm
               _INDF1bits   0x000181       data     extern mc32p7351.asm
                   _INDF1   0x000181       data     extern mc32p7351.asm
               _INDF2bits   0x000182       data     extern mc32p7351.asm
                   _INDF2   0x000182       data     extern mc32p7351.asm
              _HIBYTEbits   0x000183       data     extern mc32p7351.asm
                  _HIBYTE   0x000183       data     extern mc32p7351.asm
                _FSR0bits   0x000184       data     extern mc32p7351.asm
                    _FSR0   0x000184       data     extern mc32p7351.asm
                _FSR1bits   0x000185       data     extern mc32p7351.asm
                    _FSR1   0x000185       data     extern mc32p7351.asm
                 _PCLbits   0x000186       data     extern mc32p7351.asm
                     _PCL   0x000186       data     extern mc32p7351.asm
               _PFLAGbits   0x000187       data     extern mc32p7351.asm
                   _PFLAG   0x000187       data     extern mc32p7351.asm
                 _MCRbits   0x000188       data     extern mc32p7351.asm
                     _MCR   0x000188       data     extern mc32p7351.asm
               _INDF3bits   0x000189       data     extern mc32p7351.asm
                   _INDF3   0x000189       data     extern mc32p7351.asm
                _INTEbits   0x00018a       data     extern mc32p7351.asm
                    _INTE   0x00018a       data     extern mc32p7351.asm
                _INTFbits   0x00018b       data     extern mc32p7351.asm
                    _INTF   0x00018b       data     extern mc32p7351.asm
               _DRVCRbits   0x00018c       data     extern mc32p7351.asm
                   _DRVCR   0x00018c       data     extern mc32p7351.asm
              _PFRCCRbits   0x00018d       data     extern mc32p7351.asm
                  _PFRCCR   0x00018d       data     extern mc32p7351.asm
              _P1KBCRbits   0x00018e       data     extern mc32p7351.asm
                  _P1KBCR   0x00018e       data     extern mc32p7351.asm
             _PFRCCALbits   0x00018f       data     extern mc32p7351.asm
                 _PFRCCAL   0x00018f       data     extern mc32p7351.asm
                _IOP0bits   0x000190       data     extern mc32p7351.asm
                    _IOP0   0x000190       data     extern mc32p7351.asm
                _OEP0bits   0x000191       data     extern mc32p7351.asm
                    _OEP0   0x000191       data     extern mc32p7351.asm
                _PUP0bits   0x000192       data     extern mc32p7351.asm
                    _PUP0   0x000192       data     extern mc32p7351.asm
                _PDP0bits   0x000193       data     extern mc32p7351.asm
                    _PDP0   0x000193       data     extern mc32p7351.asm
                _IOP1bits   0x000194       data     extern mc32p7351.asm
                    _IOP1   0x000194       data     extern mc32p7351.asm
                _OEP1bits   0x000195       data     extern mc32p7351.asm
                    _OEP1   0x000195       data     extern mc32p7351.asm
                _PUP1bits   0x000196       data     extern mc32p7351.asm
                    _PUP1   0x000196       data     extern mc32p7351.asm
                _PDP1bits   0x000197       data     extern mc32p7351.asm
                    _PDP1   0x000197       data     extern mc32p7351.asm
                _T0CRbits   0x000198       data     extern mc32p7351.asm
                    _T0CR   0x000198       data     extern mc32p7351.asm
               _T0CNTbits   0x000199       data     extern mc32p7351.asm
                   _T0CNT   0x000199       data     extern mc32p7351.asm
              _T0LOADbits   0x00019a       data     extern mc32p7351.asm
                  _T0LOAD   0x00019a       data     extern mc32p7351.asm
              _T0DATAbits   0x00019b       data     extern mc32p7351.asm
                  _T0DATA   0x00019b       data     extern mc32p7351.asm
                _T1CRbits   0x00019c       data     extern mc32p7351.asm
                    _T1CR   0x00019c       data     extern mc32p7351.asm
               _T1CNTbits   0x00019d       data     extern mc32p7351.asm
                   _T1CNT   0x00019d       data     extern mc32p7351.asm
              _T1LOADbits   0x00019e       data     extern mc32p7351.asm
                  _T1LOAD   0x00019e       data     extern mc32p7351.asm
              _T1DATAbits   0x00019f       data     extern mc32p7351.asm
                  _T1DATA   0x00019f       data     extern mc32p7351.asm
                _T2CRbits   0x0001a0       data     extern mc32p7351.asm
                    _T2CR   0x0001a0       data     extern mc32p7351.asm
               _T2CNTbits   0x0001a1       data     extern mc32p7351.asm
                   _T2CNT   0x0001a1       data     extern mc32p7351.asm
              _T2LOADbits   0x0001a2       data     extern mc32p7351.asm
                  _T2LOAD   0x0001a2       data     extern mc32p7351.asm
              _T2DATAbits   0x0001a3       data     extern mc32p7351.asm
                  _T2DATA   0x0001a3       data     extern mc32p7351.asm
                _T3CRbits   0x0001a4       data     extern mc32p7351.asm
                    _T3CR   0x0001a4       data     extern mc32p7351.asm
               _T3CNTbits   0x0001a5       data     extern mc32p7351.asm
                   _T3CNT   0x0001a5       data     extern mc32p7351.asm
              _T3LOADbits   0x0001a6       data     extern mc32p7351.asm
                  _T3LOAD   0x0001a6       data     extern mc32p7351.asm
              _PWM0DRbits   0x0001a8       data     extern mc32p7351.asm
                  _PWM0DR   0x0001a8       data     extern mc32p7351.asm
              _PWM1DRbits   0x0001a9       data     extern mc32p7351.asm
                  _PWM1DR   0x0001a9       data     extern mc32p7351.asm
              _PWM2DRbits   0x0001aa       data     extern mc32p7351.asm
                  _PWM2DR   0x0001aa       data     extern mc32p7351.asm
              _PWMCR0bits   0x0001ac       data     extern mc32p7351.asm
                  _PWMCR0   0x0001ac       data     extern mc32p7351.asm
              _PWMCR1bits   0x0001ad       data     extern mc32p7351.asm
                  _PWMCR1   0x0001ad       data     extern mc32p7351.asm
               _OSCMRbits   0x0001ae       data     extern mc32p7351.asm
                   _OSCMR   0x0001ae       data     extern mc32p7351.asm
               _LVDCRbits   0x0001af       data     extern mc32p7351.asm
                   _LVDCR   0x0001af       data     extern mc32p7351.asm
               _ADCR0bits   0x0001b0       data     extern mc32p7351.asm
                   _ADCR0   0x0001b0       data     extern mc32p7351.asm
               _ADCR1bits   0x0001b1       data     extern mc32p7351.asm
                   _ADCR1   0x0001b1       data     extern mc32p7351.asm
               _ADCR2bits   0x0001b2       data     extern mc32p7351.asm
                   _ADCR2   0x0001b2       data     extern mc32p7351.asm
             _OSADJCRbits   0x0001b3       data     extern mc32p7351.asm
                 _OSADJCR   0x0001b3       data     extern mc32p7351.asm
                _ADRHbits   0x0001b4       data     extern mc32p7351.asm
                    _ADRH   0x0001b4       data     extern mc32p7351.asm
                _ADRLbits   0x0001b5       data     extern mc32p7351.asm
                    _ADRL   0x0001b5       data     extern mc32p7351.asm
              _ADIOS0bits   0x0001b6       data     extern mc32p7351.asm
                  _ADIOS0   0x0001b6       data     extern mc32p7351.asm
              _ADIOS1bits   0x0001b7       data     extern mc32p7351.asm
                  _ADIOS1   0x0001b7       data     extern mc32p7351.asm
                _PMODbits   0x0001bc       data     extern mc32p7351.asm
                    _PMOD   0x0001bc       data     extern mc32p7351.asm
              _PWMCR3bits   0x0001bd       data     extern mc32p7351.asm
                  _PWMCR3   0x0001bd       data     extern mc32p7351.asm
              _PWMCR2bits   0x0001be       data     extern mc32p7351.asm
                  _PWMCR2   0x0001be       data     extern mc32p7351.asm
             _PFRCAUXbits   0x0001fb       data     extern mc32p7351.asm
                 _PFRCAUX   0x0001fb       data     extern mc32p7351.asm
             _HIRCCALbits   0x0001fc       data     extern mc32p7351.asm
                 _HIRCCAL   0x0001fc       data     extern mc32p7351.asm
                  r0x1003   0x000039       data     static _mullong.asm
                  r0x1002   0x00003a       data     static _mullong.asm
                  r0x1001   0x00003b       data     static _mullong.asm
                  r0x1000   0x00003c       data     static _mullong.asm
                  r0x1007   0x00003d       data     static _mullong.asm
                  r0x1006   0x00003e       data     static _mullong.asm
                  r0x1005   0x00003f       data     static _mullong.asm
                  r0x1004   0x000040       data     static _mullong.asm
                  r0x1008   0x000041       data     static _mullong.asm
                  r0x1009   0x000042       data     static _mullong.asm
                  r0x100A   0x000043       data     static _mullong.asm
                  r0x100B   0x000044       data     static _mullong.asm
                  r0x100C   0x000045       data     static _mullong.asm
                  r0x1010   0x000046       data     static _mullong.asm
                  r0x100F   0x000047       data     static _mullong.asm
                  r0x100E   0x000048       data     static _mullong.asm
                  r0x100D   0x000049       data     static _mullong.asm
                __mullong   0x0006fb    program     extern _mullong.asm
               _00119_DS_   0x000710    program     static _mullong.asm
               _00109_DS_   0x000720    program     static _mullong.asm
               _00112_DS_   0x000736    program     static _mullong.asm
               _00115_DS_   0x00074c    program     static _mullong.asm
               _00114_DS_   0x000761    program     static _mullong.asm
                  r0x1003   0x00005a       data     static _divulong.asm
                  r0x1002   0x00005b       data     static _divulong.asm
                  r0x1001   0x00005c       data     static _divulong.asm
                  r0x1000   0x00005d       data     static _divulong.asm
                  r0x1007   0x00005e       data     static _divulong.asm
                  r0x1006   0x00005f       data     static _divulong.asm
                  r0x1005   0x000060       data     static _divulong.asm
                  r0x1004   0x000061       data     static _divulong.asm
                  r0x1008   0x000062       data     static _divulong.asm
                  r0x1009   0x000063       data     static _divulong.asm
                  r0x100A   0x000064       data     static _divulong.asm
                  r0x100B   0x000065       data     static _divulong.asm
                  r0x100C   0x000066       data     static _divulong.asm
                  r0x100D   0x000067       data     static _divulong.asm
                  r0x100E   0x000068       data     static _divulong.asm
                  r0x100F   0x000069       data     static _divulong.asm
               __divulong   0x000786    program     extern _divulong.asm
               _00107_DS_   0x0007ac    program     static _divulong.asm
               _00112_DS_   0x0007b9    program     static _divulong.asm
               _00141_DS_   0x0007cd    program     static _divulong.asm
               _00111_DS_   0x0007eb    program     static _divulong.asm
               _00114_DS_   0x0007f6    program     static _divulong.asm
               _00115_DS_   0x0007fd    program     static _divulong.asm
 
